Case #1: 4
Case #2: 8
Case #3: 11
Case #4: 44
Case #5: 21
Case #6: 29
